// Jest Snapshot v1, https://goo.gl/fbAQLP

exports[`Navbar Default should match snapshot 1`] = `
.c0 {
  -webkit-align-items: center;
  -webkit-box-align: center;
  -ms-flex-align: center;
  align-items: center;
  background-color: #FEFEFE;
  border-bottom: 0.1rem solid #E6E6E6;
  display: -webkit-box;
  display: -webkit-flex;
  display: -ms-flexbox;
  display: flex;
  -webkit-flex-direction: row;
  -ms-flex-direction: row;
  flex-direction: row;
  -webkit-box-pack: justify;
  -webkit-justify-content: space-between;
  -ms-flex-pack: justify;
  justify-content: space-between;
  margin-bottom: 0.8rem;
  width: 100%;
}

.c1 {
  padding: 1.6rem;
  font-size: 1.8rem;
  font-weight: 600;
  -webkit-letter-spacing: 0.005em;
  -moz-letter-spacing: 0.005em;
  -ms-letter-spacing: 0.005em;
  letter-spacing: 0.005em;
  line-height: 2.4rem;
}

.c1 b,
.c1 strong {
  font-weight: 800;
}

.c2 {
  padding: 1.6rem;
}

.c3 {
  background-color: transparent;
  border: none;
  border-radius: 0.4rem;
  color: #001254;
  cursor: pointer;
  display: inline-block;
  padding: 0.4rem 1.6rem;
  background-color: #001254;
  color: #FEFEFE;
  font-size: 1.6rem;
  font-weight: 400;
  -webkit-letter-spacing: 0em;
  -moz-letter-spacing: 0em;
  -ms-letter-spacing: 0em;
  letter-spacing: 0em;
  line-height: 2.4rem;
}

.c3:not(:last-of-type) {
  margin-right: 1.6rem;
}

.c4 {
  background-color: transparent;
  border: none;
  border-radius: 0.4rem;
  color: #001254;
  cursor: pointer;
  display: inline-block;
  padding: 0.4rem 1.6rem;
  font-size: 1.6rem;
  font-weight: 400;
  -webkit-letter-spacing: 0em;
  -moz-letter-spacing: 0em;
  -ms-letter-spacing: 0em;
  letter-spacing: 0em;
  line-height: 2.4rem;
}

.c4:not(:last-of-type) {
  margin-right: 1.6rem;
}

@media (max-width:575px) {
  .c1 {
    display: none;
    padding: 0.8rem 1.6rem;
  }
}

@media (max-width:575px) {
  .c2 {
    overflow-y: auto;
    white-space: nowrap;
    padding: 0.8rem 1.6rem;
  }
}

@media (max-width:575px) {
  .c3 {
    margin: 0 !important;
  }
}

@media (max-width:575px) {
  .c4 {
    margin: 0 !important;
  }
}

<div
  class="c0"
>
  <span
    class="c1"
  >
    Navbar
  </span>
  <ul
    class="c2"
  >
    <button
      class="c3"
    >
      Active
    </button>
    <button
      class="c4"
    >
      Not Active
    </button>
  </ul>
</div>
`;
