// Jest Snapshot v1, https://goo.gl/fbAQLP

exports[`ButtonGroup Regular should match snapshot 1`] = `
.c1 {
  border: 0.2rem solid transparent;
  cursor: pointer;
  border-radius: 0.4rem;
  padding: 0.6rem 1.6rem;
  font-size: 1.6rem;
  font-weight: 600;
  -webkit-letter-spacing: 0em;
  -moz-letter-spacing: 0em;
  -ms-letter-spacing: 0em;
  letter-spacing: 0em;
  line-height: 1.6rem;
  background-color: #001254;
  color: #FEFEFE;
}

.c1 b,
.c1 strong {
  font-weight: 800;
}

.c0 {
  display: -webkit-inline-box;
  display: -webkit-inline-flex;
  display: -ms-inline-flexbox;
  display: inline-flex;
  -webkit-flex-wrap: no-wrap;
  -ms-flex-wrap: no-wrap;
  flex-wrap: no-wrap;
}

.c0 button:first-child {
  border-bottom-right-radius: 0;
  border-top-right-radius: 0;
}

.c0 button:last-child {
  border-bottom-left-radius: 0;
  border-top-left-radius: 0;
}

.c0 button:not(:first-child):not(:last-child) {
  border-radius: 0;
}

.c0 button.toggle__button--inactive {
  border-color: #E6E6E6;
}

.c0 button.toggle__button--active {
  font-weight: 800;
}

<div
  class="c0"
>
  <button
    class="c1"
  >
    First
  </button>
  <button
    class="c1"
  >
    Second
  </button>
  <button
    class="c1"
  >
    Third
  </button>
</div>
`;
